#!ir-conform/expected v1 exit=0 bytes=626
5 % 0        => undef err=[Illegal modulus zero]
5 % 0.0      => undef err=[Illegal modulus zero]
0 % 0        => undef err=[Illegal modulus zero]
%= 0         => undef err=[Illegal modulus zero]
1 / 0        => undef err=[Illegal division by zero]
1 / 0.0      => undef err=[Illegal division by zero]
0 / 0        => undef err=[Illegal division by zero]
/= 0         => undef err=[Illegal division by zero]
5 % inf      => [5] err=[]
inf % 5      => [NaN] err=[]
5 % nan      => [NaN] err=[]
nan % 5      => [NaN] err=[]
5 % -3       => [-1] err=[]
-5 % 3       => [1] err=[]
5 % "abc"    => undef err=[Illegal modulus zero]
